<?xml version="1.0" encoding="utf-8"?><testsuites><testsuite name="pytest" errors="0" failures="0" skipped="0" tests="5" time="0.605" timestamp="2026-07-07T10:43:28.510237+08:00" hostname="N-21AJPF4CAXSP"><testcase classname="tests.test_health" name="test_health" time="0.088" /><testcase classname="tests.test_login" name="test_login_cases_loaded" time="0.001" /><testcase classname="tests.test_login" name="test_login_with_data" time="0.055" /><testcase classname="tests.test_profile" name="test_profile_after_login" time="0.020" /><testcase classname="tests.test_profile" name="test_profile_without_token" time="0.411" /></testsuite></testsuites>